CREATE EXTENSION monextension;
SELECT incremente(10);
 incremente 
------------
         11
(1 row)

